interactions:
- request:
    body: null
    headers:
      Accept:
      - application/json;version=2
      Accept-Encoding:
      - gzip, deflate
      Connection:
      - keep-alive
      User-Agent:
      - apypie (https://github.com/Apipie/apypie)
    method: GET
    uri: https://foreman.example.org/api/status
  response:
    body:
      string: '{"satellite_version":"6.16.0","result":"ok","status":200,"version":"3.12.0-develop","api_version":2}'
    headers:
      Cache-Control:
      - max-age=0, private, must-revalidate
      Connection:
      - Keep-Alive
      Content-Length:
      - '100'
      Content-Security-Policy:
      - 'default-src ''self''; child-src ''self''; connect-src ''self'' ws: wss:;
        img-src ''self'' data:; script-src ''unsafe-eval'' ''unsafe-inline'' ''self'';
        style-src ''unsafe-inline'' ''self'''
      Content-Type:
      - application/json; charset=utf-8
      Foreman_api_version:
      - '2'
      Foreman_current_location:
      - ; ANY
      Foreman_current_organization:
      - ; ANY
      Foreman_version:
      - 3.12.0-develop
      Keep-Alive:
      - timeout=15, max=100
      Strict-Transport-Security:
      - max-age=631139040; includeSubdomains
      X-Content-Type-Options:
      - nosniff
      X-Download-Options:
      - noopen
      X-Frame-Options:
      - sameorigin
      X-Permitted-Cross-Domain-Policies:
      - none
      X-XSS-Protection:
      - 1; mode=block
    status:
      code: 200
      message: OK
- request:
    body: null
    headers:
      Accept:
      - application/json;version=2
      Accept-Encoding:
      - gzip, deflate
      Connection:
      - keep-alive
      User-Agent:
      - apypie (https://github.com/Apipie/apypie)
    method: GET
    uri: https://foreman.example.org/katello/api/organizations?search=name%3D%22Test+Organization%22&per_page=4294967296
  response:
    body:
      string: "{\n  \"total\": 2,\n  \"subtotal\": 1,\n  \"page\": 1,\n  \"per_page\":
        4294967296,\n  \"search\": \"name=\\\"Test Organization\\\"\",\n  \"sort\":
        {\n    \"by\": null,\n    \"order\": null\n  },\n  \"results\": [{\"label\":\"Test_Organization\",\"created_at\":\"2024-07-09
        14:29:57 UTC\",\"updated_at\":\"2024-07-09 14:29:59 UTC\",\"id\":26,\"name\":\"Test
        Organization\",\"title\":\"Test Organization\",\"description\":\"A test organization\"}]\n}\n"
    headers:
      Cache-Control:
      - max-age=0, private, must-revalidate
      Connection:
      - Keep-Alive
      Content-Length:
      - '389'
      Content-Security-Policy:
      - 'default-src ''self''; child-src ''self''; connect-src ''self'' ws: wss:;
        img-src ''self'' data:; script-src ''unsafe-eval'' ''unsafe-inline'' ''self'';
        style-src ''unsafe-inline'' ''self'''
      Content-Type:
      - application/json; charset=utf-8
      Foreman_api_version:
      - '2'
      Foreman_current_location:
      - ; ANY
      Foreman_current_organization:
      - ; ANY
      Foreman_version:
      - 3.12.0-develop
      Keep-Alive:
      - timeout=15, max=99
      Strict-Transport-Security:
      - max-age=631139040; includeSubdomains
      X-Content-Type-Options:
      - nosniff
      X-Download-Options:
      - noopen
      X-Frame-Options:
      - sameorigin
      X-Permitted-Cross-Domain-Policies:
      - none
      X-XSS-Protection:
      - 1; mode=block
    status:
      code: 200
      message: OK
- request:
    body: null
    headers:
      Accept:
      - application/json;version=2
      Accept-Encoding:
      - gzip, deflate
      Connection:
      - keep-alive
      User-Agent:
      - apypie (https://github.com/Apipie/apypie)
    method: GET
    uri: https://foreman.example.org/katello/api/organizations/26/content_views?search=name%3D%22cleanup-testccv%22&per_page=4294967296
  response:
    body:
      string: '{"total":3,"subtotal":1,"selectable":1,"page":1,"per_page":"4294967296","error":null,"search":"name=\"cleanup-testccv\"","sort":{"by":"name","order":"asc"},"results":[{"composite":true,"component_ids":[46],"duplicate_repositories_to_publish":[],"default":false,"version_count":3,"latest_version":"5.0","latest_version_id":51,"auto_publish":false,"solve_dependencies":false,"import_only":false,"generated_for":"none","related_cv_count":1,"related_composite_cvs":[],"filtered":false,"repository_ids":[],"id":19,"name":"cleanup-testccv","label":"cleanup-testccv","description":null,"organization_id":26,"organization":{"name":"Test
        Organization","label":"Test_Organization","id":26},"created_at":"2024-07-09
        14:30:02 UTC","updated_at":"2024-07-09 14:30:58 UTC","last_task":{"id":"aec3029e-8c8f-4ae7-bba9-cb504e1b4d0e","started_at":"2024-07-09
        14:30:58 UTC","result":"success","last_sync_words":"1 minute"},"latest_version_environments":[{"id":15,"name":"Library","label":"Library"}],"repositories":[],"versions":[{"id":51,"version":"5.0","published":"2024-07-09
        14:30:58 UTC","description":null,"environment_ids":[15],"filters_applied":false,"published_at_words":"1
        minute"},{"id":50,"version":"4.0","published":"2024-07-09 14:30:52 UTC","description":null,"environment_ids":[],"filters_applied":false,"published_at_words":"1
        minute"},{"id":49,"version":"3.0","published":"2024-07-09 14:30:47 UTC","description":null,"environment_ids":[],"filters_applied":false,"published_at_words":"1
        minute"}],"components":[{"id":46,"name":"cleanup-testcv 5.0","content_view_id":18,"version":"5.0","environments":[{"id":15,"name":"Library","label":"Library"}],"content_view":{"id":18,"name":"cleanup-testcv","label":"cleanup-testcv","description":null,"next_version":6,"latest_version":"5.0"},"repositories":[]}],"content_view_components":[{"latest":true,"id":2,"created_at":"2024-07-09
        14:30:03 UTC","updated_at":"2024-07-09 14:30:03 UTC","composite_content_view":{"id":19,"name":"cleanup-testccv","label":"cleanup-testccv","description":null,"next_version":6,"latest_version":"5.0","version_count":3},"content_view":{"id":18,"name":"cleanup-testcv","label":"cleanup-testcv","description":null,"next_version":6,"latest_version":"5.0","version_count":3},"content_view_version":{"id":46,"name":"cleanup-testcv
        5.0","content_view_id":18,"version":"5.0","content_view":{"id":18,"name":"cleanup-testcv","label":"cleanup-testcv","description":null},"environments":[{"id":15,"name":"Library","label":"Library"}],"repositories":[]},"component_content_view_versions":[{"id":46,"version":"5.0","description":null,"published_at_words":"1
        minute"},{"id":45,"version":"4.0","description":null,"published_at_words":"1
        minute"},{"id":44,"version":"3.0","description":null,"published_at_words":"1
        minute"}]}],"activation_keys":[],"hosts":[],"next_version":"6.0","last_published":"2024-07-09
        14:30:58 UTC","environments":[{"id":15,"label":"Library","name":"Library","activation_keys":[],"hosts":[],"permissions":{"readable":true}}]}]}

        '
    headers:
      Cache-Control:
      - max-age=0, private, must-revalidate
      Connection:
      - Keep-Alive
      Content-Length:
      - '3002'
      Content-Security-Policy:
      - 'default-src ''self''; child-src ''self''; connect-src ''self'' ws: wss:;
        img-src ''self'' data:; script-src ''unsafe-eval'' ''unsafe-inline'' ''self'';
        style-src ''unsafe-inline'' ''self'''
      Content-Type:
      - application/json; charset=utf-8
      Foreman_api_version:
      - '2'
      Foreman_current_location:
      - ; ANY
      Foreman_current_organization:
      - 26; Test Organization
      Foreman_version:
      - 3.12.0-develop
      Keep-Alive:
      - timeout=15, max=98
      Strict-Transport-Security:
      - max-age=631139040; includeSubdomains
      X-Content-Type-Options:
      - nosniff
      X-Download-Options:
      - noopen
      X-Frame-Options:
      - sameorigin
      X-Permitted-Cross-Domain-Policies:
      - none
      X-XSS-Protection:
      - 1; mode=block
    status:
      code: 200
      message: OK
- request:
    body: null
    headers:
      Accept:
      - application/json;version=2
      Accept-Encoding:
      - gzip, deflate
      Connection:
      - keep-alive
      User-Agent:
      - apypie (https://github.com/Apipie/apypie)
    method: GET
    uri: https://foreman.example.org/katello/api/content_view_versions?search=content_view_id%3D19%2Cversion%3D4.0&per_page=4294967296
  response:
    body:
      string: '{"total":8,"subtotal":1,"selectable":1,"page":1,"per_page":"4294967296","error":null,"search":"content_view_id=19,version=4.0","sort":{"by":"version","order":"desc"},"results":[{"version":"4.0","major":4,"minor":0,"composite_content_view_ids":[],"published_in_composite_content_view_ids":[],"content_view_id":19,"default":false,"description":null,"id":50,"name":"cleanup-testccv
        4.0","created_at":"2024-07-09 14:30:52 UTC","updated_at":"2024-07-09 14:30:53
        UTC","content_view":{"id":19,"name":"cleanup-testccv","label":"cleanup-testccv","generated_for":"none"},"composite_content_views":[],"composite_content_view_versions":[],"published_in_composite_content_views":[],"environments":[],"repositories":[],"last_event":{"user":"admin","status":"successful","description":null,"action":"publish","created_at":"2024-07-09
        14:30:52 UTC","updated_at":"2024-07-09 14:30:53 UTC","environment":null,"task":{"id":"2c367519-3227-440c-a930-be9d588d36d9","label":"Actions::Katello::ContentView::Publish","pending":false,"action":"Publish
        content view ''cleanup-testccv''; organization ''Test Organization''","username":"admin","started_at":"2024-07-09
        14:30:52 UTC","ended_at":"2024-07-09 14:30:53 UTC","state":"stopped","result":"success","progress":1.0,"input":{"content_view":{"id":19,"name":"cleanup-testccv","label":"cleanup-testccv"},"organization":{"id":26,"name":"Test
        Organization","label":"Test_Organization"},"services_checked":["candlepin","candlepin_auth"],"history_id":74,"content_view_id":19,"auto_publish_composite_ids":[],"content_view_version_name":"cleanup-testccv
        4.0","content_view_version_id":50,"environment_id":15,"user_id":4,"skip_promotion":null,"current_request_id":"d25b6e86-2942-49bf-99f2-f99aa1fc5ec5","current_timezone":"UTC","current_organization_id":null,"current_location_id":null,"current_user_id":4},"output":{"content_view_id":19,"content_view_version_id":50,"skip_promotion":null,"history_id":74},"humanized":{"action":"Publish","input":[["content_view",{"text":"content
        view ''cleanup-testccv''","link":"/content_views/19/versions"}],["organization",{"text":"organization
        ''Test Organization''","link":"/organizations/26/edit"}]],"output":"","errors":[]},"cli_example":null,"start_at":"2024-07-09
        14:30:52 UTC","available_actions":{"cancellable":false,"resumable":false}},"version":"4.0","publish":true,"version_id":50,"triggered_by":null,"triggered_by_id":null},"active_history":[],"ansible_collection_count":0,"docker_manifest_count":0,"docker_manifest_list_count":0,"docker_tag_count":0,"file_count":0,"rpm_count":0,"modulemd_count":0,"erratum_count":0,"package_group_count":0,"srpm_count":0,"module_stream_count":0,"package_count":0,"component_view_count":1,"ansible_collection_repository_count":0,"docker_repository_count":0,"file_repository_count":0,"yum_repository_count":0,"errata_counts":{"security":0,"bugfix":0,"enhancement":0,"total":0},"permissions":{"deletable":true},"filters_applied":false}]}

        '
    headers:
      Cache-Control:
      - max-age=0, private, must-revalidate
      Connection:
      - Keep-Alive
      Content-Length:
      - '2928'
      Content-Security-Policy:
      - 'default-src ''self''; child-src ''self''; connect-src ''self'' ws: wss:;
        img-src ''self'' data:; script-src ''unsafe-eval'' ''unsafe-inline'' ''self'';
        style-src ''unsafe-inline'' ''self'''
      Content-Type:
      - application/json; charset=utf-8
      Foreman_api_version:
      - '2'
      Foreman_current_location:
      - ; ANY
      Foreman_current_organization:
      - ; ANY
      Foreman_version:
      - 3.12.0-develop
      Keep-Alive:
      - timeout=15, max=97
      Strict-Transport-Security:
      - max-age=631139040; includeSubdomains
      X-Content-Type-Options:
      - nosniff
      X-Download-Options:
      - noopen
      X-Frame-Options:
      - sameorigin
      X-Permitted-Cross-Domain-Policies:
      - none
      X-XSS-Protection:
      - 1; mode=block
    status:
      code: 200
      message: OK
- request:
    body: null
    headers:
      Accept:
      - application/json;version=2
      Accept-Encoding:
      - gzip, deflate
      Connection:
      - keep-alive
      Content-Length:
      - '0'
      User-Agent:
      - apypie (https://github.com/Apipie/apypie)
    method: DELETE
    uri: https://foreman.example.org/katello/api/content_view_versions/50
  response:
    body:
      string: '  {"id":"2781ee3d-4b8e-4c51-97f2-b75627426387","label":"Actions::Katello::ContentViewVersion::Destroy","pending":true,"action":"Destroy","username":"admin","started_at":"2024-07-09
        14:31:32 UTC","ended_at":null,"state":"planned","result":"pending","progress":0.0,"input":{"id":50,"docker_cleanup":false,"current_request_id":"40daf60e-b9d5-42aa-bb9e-d6375347591e","current_timezone":"UTC","current_organization_id":null,"current_location_id":null,"current_user_id":4},"output":{},"humanized":{"action":"Destroy","input":"","output":"","errors":[]},"cli_example":null,"start_at":"2024-07-09
        14:31:32 UTC","available_actions":{"cancellable":false,"resumable":false}}

        '
    headers:
      Cache-Control:
      - no-cache
      Connection:
      - Keep-Alive
      Content-Security-Policy:
      - 'default-src ''self''; child-src ''self''; connect-src ''self'' ws: wss:;
        img-src ''self'' data:; script-src ''unsafe-eval'' ''unsafe-inline'' ''self'';
        style-src ''unsafe-inline'' ''self'''
      Content-Type:
      - application/json; charset=utf-8
      Foreman_api_version:
      - '2'
      Foreman_current_location:
      - ; ANY
      Foreman_current_organization:
      - ; ANY
      Foreman_version:
      - 3.12.0-develop
      Keep-Alive:
      - timeout=15, max=96
      Strict-Transport-Security:
      - max-age=631139040; includeSubdomains
      Transfer-Encoding:
      - chunked
      X-Content-Type-Options:
      - nosniff
      X-Download-Options:
      - noopen
      X-Frame-Options:
      - sameorigin
      X-Permitted-Cross-Domain-Policies:
      - none
      X-XSS-Protection:
      - 1; mode=block
    status:
      code: 202
      message: Accepted
- request:
    body: null
    headers:
      Accept:
      - application/json;version=2
      Accept-Encoding:
      - gzip, deflate
      Connection:
      - keep-alive
      User-Agent:
      - apypie (https://github.com/Apipie/apypie)
    method: GET
    uri: https://foreman.example.org/foreman_tasks/api/tasks/2781ee3d-4b8e-4c51-97f2-b75627426387
  response:
    body:
      string: '{"id":"2781ee3d-4b8e-4c51-97f2-b75627426387","label":"Actions::Katello::ContentViewVersion::Destroy","pending":false,"action":"Destroy","username":"admin","started_at":"2024-07-09
        14:31:32 UTC","ended_at":"2024-07-09 14:31:32 UTC","duration":"0.084371","state":"stopped","result":"success","progress":1.0,"input":{"id":50,"docker_cleanup":false,"current_request_id":"40daf60e-b9d5-42aa-bb9e-d6375347591e","current_timezone":"UTC","current_organization_id":null,"current_location_id":null,"current_user_id":4},"output":{},"humanized":{"action":"Destroy","input":"","output":"","errors":[]},"cli_example":null,"start_at":"2024-07-09
        14:31:32 UTC","available_actions":{"cancellable":false,"resumable":false}}'
    headers:
      Cache-Control:
      - max-age=0, private, must-revalidate
      Connection:
      - Keep-Alive
      Content-Length:
      - '705'
      Content-Security-Policy:
      - 'default-src ''self''; child-src ''self''; connect-src ''self'' ws: wss:;
        img-src ''self'' data:; script-src ''unsafe-eval'' ''unsafe-inline'' ''self'';
        style-src ''unsafe-inline'' ''self'''
      Content-Type:
      - application/json; charset=utf-8
      Foreman_api_version:
      - '2'
      Foreman_current_location:
      - ; ANY
      Foreman_current_organization:
      - ; ANY
      Foreman_version:
      - 3.12.0-develop
      Keep-Alive:
      - timeout=15, max=95
      Strict-Transport-Security:
      - max-age=631139040; includeSubdomains
      X-Content-Type-Options:
      - nosniff
      X-Download-Options:
      - noopen
      X-Frame-Options:
      - sameorigin
      X-Permitted-Cross-Domain-Policies:
      - none
      X-XSS-Protection:
      - 1; mode=block
    status:
      code: 200
      message: OK
version: 1
